src/App.tsx(5,23): error TS1484: 'CartItem' is a type and must be imported using a type-only import when 'verbatimModuleSyntax' is enabled.
src/App.tsx(6,10): error TS1484: 'Product' is a type and must be imported using a type-only import when 'verbatimModuleSyntax' is enabled.
src/components/CartOverlay.tsx(3,10): error TS1484: 'Product' is a type and must be imported using a type-only import when 'verbatimModuleSyntax' is enabled.
src/components/ProductSection.tsx(2,10): error TS1484: 'Product' is a type and must be imported using a type-only import when 'verbatimModuleSyntax' is enabled.
